<html>
<body>
<pre>
<h1>µVision Build Log</h1>
<h2>Tool Versions:</h2>
IDE-Version: µVision V5.28.0.0
Copyright (C) 2019 ARM Ltd and ARM Germany GmbH. All rights reserved.
License Information: void voidp, void, LIC=----
 
Tool Versions:
Toolchain:       MDK-Lite  Version: 5.28.0.0
Toolchain Path:  C:\Keil_v5\ARM\ARMCC\Bin
C Compiler:      Armcc.exe V5.06 update 6 (build 750)
Assembler:       Armasm.exe V5.06 update 6 (build 750)
Linker/Locator:  ArmLink.exe V5.06 update 6 (build 750)
Library Manager: ArmAr.exe V5.06 update 6 (build 750)
Hex Converter:   FromElf.exe V5.06 update 6 (build 750)
CPU DLL:         SARMCM3.DLL V5.28.0.0
Dialog DLL:      DCM.DLL V1.17.3.0
Target DLL:      STLink\ST-LINKIII-KEIL_SWO.dll V3.0.6.0
Dialog DLL:      TCM.DLL V1.36.2.0
 
<h2>Project:</h2>
E:\Study\VXL-VDK\STMcode\cuaKTX\cuaKTX_VersionServo\ceecdoorv2.uvprojx
Project File Date:  06/11/2020

<h2>Output:</h2>
*** Using Compiler 'V5.06 update 6 (build 750)', folder: 'C:\Keil_v5\ARM\ARMCC\Bin'
Rebuild target 'CEEC_DOOR_V2'
assembling startup_stm32f10x_md.s...
compiling core_cm3.c...
compiling misc.c...
compiling stm32f10x_gpio.c...
compiling system_stm32f10x.c...
compiling stm32f10x_spi.c...
compiling stm32f10x_rcc.c...
compiling stm32f10x_usart.c...
compiling delay.c...
compiling stm32f10x_dma.c...
compiling stm32f10x_adc.c...
compiling stm32f10x_tim.c...
compiling stm32f10x_flash.c...
compiling main.c...
.\ssd1306\display.h(15): warning:  #1-D: last line of file ends without a newline
  #endif
src\main.c: 1 warning, 0 errors
compiling User_TIM.c...
compiling User_GPIO.c...
compiling User_FLASH.c...
compiling tm_stm32f10x_mfrc522.c...
compiling User_USART2.c...
compiling stm32f10x_iwdg.c...
compiling stm32f10x_i2c.c...
compiling User_Control.c...
.\ssd1306\display.h(15): warning:  #1-D: last line of file ends without a newline
  #endif
src\User_Control.c: 1 warning, 0 errors
compiling fonts.c...
compiling ssd1306_i2c.c...
compiling ssd1306.c...
compiling display.c...
ssd1306\display.h(15): warning:  #1-D: last line of file ends without a newline
  #endif
ssd1306\display.c(58): warning:  #1-D: last line of file ends without a newline
  }
ssd1306\display.c: 2 warnings, 0 errors
linking...
Program Size: Code=10116 RO-data=10628 RW-data=144 ZI-data=3192  
".\Objects\ceecdoorv2.axf" - 0 Error(s), 4 Warning(s).

<h2>Software Packages used:</h2>

Package Vendor: Keil
                http://www.keil.com/pack/Keil.STM32F1xx_DFP.2.3.0.pack
                Keil.STM32F1xx_DFP.2.3.0
                STMicroelectronics STM32F1 Series Device Support, Drivers and Examples

<h2>Collection of Component include folders:</h2>
  .\RTE\_CEEC_DOOR_V2
  C:\Users\voidp\AppData\Local\Arm\Packs\Keil\STM32F1xx_DFP\2.3.0\Device\Include

<h2>Collection of Component Files used:</h2>
Build Time Elapsed:  00:00:03
</pre>
</body>
</html>
